// Jest Snapshot v1, https://goo.gl/fbAQLP

exports[`Footer Component Matches the snapshot 1`] = `
<footer
  className="footer"
>
  <nav
    className="navbar navbar-expand-lg navbar-dark"
  >
    <div
      className="container"
    >
      <ul
        className="navbar-nav"
      >
        <li
          className="nav-item"
        >
          <a
            className="nav-link"
            href="https://www2.gov.bc.ca/gov/content/home/disclaimer"
            target="_blank"
          >
            Disclaimer
          </a>
        </li>
        <li
          className="nav-item"
        >
          <a
            className="nav-link"
            href="https://www2.gov.bc.ca/gov/content/home/privacy"
            target="_blank"
          >
            Privacy
          </a>
        </li>
        <li
          className="nav-item"
        >
          <a
            className="nav-link"
            href="https://www2.gov.bc.ca/gov/content/home/accessibility"
            target="_blank"
          >
            Accessibility
          </a>
        </li>
        <li
          className="nav-item"
        >
          <a
            className="nav-link"
            href="https://www2.gov.bc.ca/gov/content/home/copyright"
            target="_blank"
          >
            Copyright
          </a>
        </li>
        <li
          className="nav-item"
        >
          <a
            className="nav-link"
            href="https://www2.gov.bc.ca/gov/content/home/contact-us"
            target="_blank"
          >
            Contact Us
          </a>
        </li>
      </ul>
    </div>
  </nav>
</footer>
`;
