// Jest Snapshot v1, https://goo.gl/fbAQLP

exports[`BcscRedirect Page Component Matches the snapshot 1`] = `
<main>
  <header>
    <nav
      className="navbar navbar-expand-lg navbar-dark"
    >
      <div
        className="container"
      >
        <a
          className="navbar-brand"
          href="https://www2.gov.bc.ca"
        >
          <img
            alt="B.C. Government Logo"
            className="img-fluid d-none d-md-block"
            height="44"
            src="/images/bcid-logo-rev-en.svg"
            width="181"
          />
          <img
            alt="B.C. Government Logo"
            className="img-fluid d-md-none"
            height="44"
            src="/images/bcid-symbol-rev.svg"
            width="64"
          />
        </a>
        <div
          className="navbar-brand"
        >
          Criminal Record Check
        </div>
        <button
          aria-controls="navbarNavAltMarkup"
          aria-expanded="false"
          aria-label="Toggle navigation"
          className="navbar-toggler"
          data-target="#navbarNavAltMarkup"
          data-toggle="collapse"
          type="button"
        >
          <span
            className="navbar-toggler-icon"
          />
        </button>
        <div
          className="collapse navbar-collapse"
          id="navbarNavAltMarkup"
        >
          <div
            className="navbar-nav"
          >
            <a
              className="nav-item nav-link"
              href="/"
            >
              Home
            </a>
          </div>
        </div>
      </div>
    </nav>
  </header>
  <div
    className="page"
  >
    <div
      className="content col-md-8"
    >
      <h1>
        Apply for a Criminal Record Check
      </h1>
      <p>
        Now, that you have confirmed the organization you work or plan to work for, the next step is to complete a criminal record check application.
      </p>
      <p>
        To apply for a criminal record check online, you must use your
         
        <a
          href="https://www2.gov.bc.ca/gov/content/governments/government-id/bc-services-card/login-with-card"
        >
          BC Services Card
        </a>
         
        Account.
      </p>
      <p>
        Only cards 
        <b>
          with a photo
        </b>
         are accepted. If it's your first time using your Card to access any online service, you need to set up your account for use online by completing a one-time security check to
         
        <a
          href="https://www2.gov.bc.ca/gov/content/governments/government-id/bc-services-card/login-with-card"
        >
          verify your identity
        </a>
      </p>
      <p>
        Please select an option below:
      </p>
      <div
        className="option"
      >
        <div
          className="row"
        >
          <div
            className="col-lg-6 col-md-12 "
            style={
              Object {
                "marginBottom": "10px",
              }
            }
          >
            I have a BC Services Card
             
            <span
              className="underlineText"
            >
              with a photo
            </span>
          </div>
          <div
            className="col-lg-6 col-md-4 alignRight"
          >
            <button
              className="btn ecrc_btn_login_bcsc btn"
              onClick={[Function]}
              type="button"
            >
              Login with a BC Services Card
            </button>
          </div>
        </div>
      </div>
      <div
        className="option"
      >
        <div
          className="row"
        >
          <div
            className="col-lg-8 col-md-12"
            style={
              Object {
                "marginBottom": "10px",
              }
            }
          >
            I 
            <span
              className="underlineText"
            >
              DON’T
            </span>
             have a BC Services Card, or I have one without a photo
          </div>
          <div
            className="col-lg-4 col-md-12 col-sm-12 alignRight"
          >
            <button
              className="btn ecrc_bscs_apply_btn btn"
              onClick={[Function]}
              type="button"
            >
              Find how to apply
            </button>
          </div>
        </div>
      </div>
      <div
        style={
          Object {
            "marginTop": "40px",
          }
        }
      >
        <button
          className="btn ecrc_accessary_btn btn"
          onClick={[Function]}
          type="submit"
        >
          Cancel and Exit
        </button>
      </div>
    </div>
    <div
      className="sidecard"
    >
      <div>
        <div
          className="dashboard-spacing"
          style={
            Object {
              "position": "relative",
            }
          }
        >
          <div
            className="row"
          >
            <div
              className="col-12"
              style={
                Object {
                  "paddingTop": "30px",
                  "position": "relative",
                }
              }
            >
              <p />
              <section
                className="submit-container"
                id="blue-section"
              >
                <h2
                  className="heading-style"
                >
                  Get a BC Services Card
                </h2>
                <div
                  className="submit-content"
                >
                  <p>
                    B.C. residents who have lived in the province for at least six months must use a BC Services Card to log in to the online qualification tool. Learn how to get a card.
                    <button
                      className="btn btn-primary dark-button btn btn-md"
                      onClick={[Function]}
                      type="submit"
                    >
                      READ MORE
                    </button>
                  </p>
                </div>
              </section>
            </div>
          </div>
        </div>
      </div>
      <div>
        <div
          className="dashboard-spacing"
          style={
            Object {
              "position": "relative",
            }
          }
        >
          <div
            className="row"
          >
            <div
              className="col-12"
              style={
                Object {
                  "paddingTop": "30px",
                  "position": "relative",
                }
              }
            >
              <p />
              <section
                className="submit-container"
                id="blue-section"
              >
                <h2
                  className="heading-style"
                >
                  Applicants Without a BC Services Card
                </h2>
                <div
                  className="submit-content"
                >
                  <p>
                    Applicants who haven’t lived in B.C.for at least six months or who live outside the province must 
                    <a
                      className="link"
                      href="mailto: temp@temp.com"
                    >
                      email
                    </a>
                     the Liquor and Cannabis Regulation Branch for a Worker Registration Application Form.
                  </p>
                </div>
              </section>
            </div>
          </div>
        </div>
      </div>
    </div>
  </div>
  <footer
    className="footer"
    style={Object {}}
  >
    <nav
      className="navbar navbar-expand-lg navbar-dark"
    >
      <div
        className="container"
      >
        <ul
          className="navbar-nav"
        >
          <li
            className="nav-item"
          >
            <a
              className="nav-link"
              href="https://www2.gov.bc.ca/gov/content/home/disclaimer"
              rel="noopener noreferrer"
              target="_blank"
            >
              Disclaimer
            </a>
          </li>
          <li
            className="nav-item"
          >
            <a
              className="nav-link"
              href="https://www2.gov.bc.ca/gov/content/home/privacy"
              rel="noopener noreferrer"
              target="_blank"
            >
              Privacy
            </a>
          </li>
          <li
            className="nav-item"
          >
            <a
              className="nav-link"
              href="https://www2.gov.bc.ca/gov/content/home/accessibility"
              rel="noopener noreferrer"
              target="_blank"
            >
              Accessibility
            </a>
          </li>
          <li
            className="nav-item"
          >
            <a
              className="nav-link"
              href="https://www2.gov.bc.ca/gov/content/home/copyright"
              rel="noopener noreferrer"
              target="_blank"
            >
              Copyright
            </a>
          </li>
          <li
            className="nav-item"
          >
            <a
              className="nav-link"
              href="https://www2.gov.bc.ca/gov/content/home/contact-us"
              rel="noopener noreferrer"
              target="_blank"
            >
              Contact Us
            </a>
          </li>
        </ul>
      </div>
    </nav>
  </footer>
</main>
`;
