// Jest Snapshot v1, https://goo.gl/fbAQLP

exports[`Button Component Matches the snapshot 1`] = `
<button
  className="btn btn--primary--solid btn--medium"
  onClick={[Function]}
  type="button"
>
  test
</button>
`;
